// Jest Snapshot v1, https://goo.gl/fbAQLP

exports[`Pruebas al Componente ItemGrid  Renderizado correctamente del componente  1`] = `
<div
  className="card animate__animated animate__rubberBand"
>
  <img
    alt="Naruto"
    src="https://gify.com"
  />
  <p>
    Naruto
  </p>
</div>
`;
