// Jest Snapshot v1, https://goo.gl/fbAQLP

exports[`Pruebas al componente CategoryAdd Renderizado correctamente del componente <CategoryAdd/> 1`] = `
<form
  action=""
  onSubmit={[Function]}
>
  <input
    onChange={[Function]}
    type="text"
    value=""
  />
</form>
`;
